#-----------------------------------------------------------
# Vivado v2025.1 (64-bit)
# SW Build 6140274 on Wed May 21 22:58:25 MDT 2025
# IP Build 6138677 on Thu May 22 03:10:11 MDT 2025
# SharedData Build 6139179 on Tue May 20 17:58:58 MDT 2025
# Start of session at: Thu Feb 12 18:12:55 2026
# Process ID         : 369069
# Current directory  : /home/salla-kaushik/Documents/Semester_8/HW4AI/svm_fpga_accelerator/pynq/svm_pynq/svm_pynq.runs/impl_1
# Command line       : vivado -log design_1_wrapper.vdi -applog -product Vivado -messageDb vivado.pb -mode batch -source design_1_wrapper.tcl -notrace
# Log file           : /home/salla-kaushik/Documents/Semester_8/HW4AI/svm_fpga_accelerator/pynq/svm_pynq/svm_pynq.runs/impl_1/design_1_wrapper.vdi
# Journal file       : /home/salla-kaushik/Documents/Semester_8/HW4AI/svm_fpga_accelerator/pynq/svm_pynq/svm_pynq.runs/impl_1/vivado.jou
# Running On         : aetherion
# Platform           : Ubuntu
# Operating System   : Ubuntu 24.04.3 LTS
# Processor Detail   : 11th Gen Intel(R) Core(TM) i7-1195G7 @ 2.90GHz
# CPU Frequency      : 4038.135 MHz
# CPU Physical cores : 4
# CPU Logical cores  : 8
# Host memory        : 16526 MB
# Swap memory        : 4294 MB
# Total Virtual      : 20821 MB
# Available Virtual  : 7722 MB
#-----------------------------------------------------------
source design_1_wrapper.tcl -notrace
